
[1m[44m DEV [49m[22m [34mv4.0.18 [39m[90m/Users/akhilaannireddy/Projects/farmshare-intern-dev-project[39m

 [32m✓[39m src/utils/calculations.test.ts[2m > [22mcalculations utils[2m > [22mcalculateHeads[2m > [22mshould calculate number of heads from total and average weight[32m 1[2mms[22m[39m
 [32m✓[39m src/utils/calculations.test.ts[2m > [22mcalculations utils[2m > [22mcalculateHeads[2m > [22mshould handle exact divisions[32m 0[2mms[22m[39m
 [32m✓[39m src/utils/calculations.test.ts[2m > [22mcalculations utils[2m > [22mcalculateHeads[2m > [22mshould floor partial animals[32m 0[2mms[22m[39m
 [32m✓[39m src/utils/calculations.test.ts[2m > [22mcalculations utils[2m > [22mcalculateHeads[2m > [22mshould handle single animal[32m 0[2mms[22m[39m
 [32m✓[39m src/utils/calculations.test.ts[2m > [22mcalculations utils[2m > [22mcalculateHeads[2m > [22mshould handle zero total weight[32m 0[2mms[22m[39m
 [32m✓[39m src/utils/calculations.test.ts[2m > [22mcalculations utils[2m > [22mcalculateLaborValue[2m > [22mshould calculate labor value correctly[32m 0[2mms[22m[39m
 [32m✓[39m src/utils/calculations.test.ts[2m > [22mcalculations utils[2m > [22mcalculateLaborValue[2m > [22mshould handle 1 hour worth of work[32m 0[2mms[22m[39m
 [32m✓[39m src/utils/calculations.test.ts[2m > [22mcalculations utils[2m > [22mcalculateLaborValue[2m > [22mshould handle fractional hours[32m 0[2mms[22m[39m
 [32m✓[39m src/utils/calculations.test.ts[2m > [22mcalculations utils[2m > [22mcalculateLaborValue[2m > [22mshould handle different time per animal[32m 0[2mms[22m[39m
 [32m✓[39m src/utils/calculations.test.ts[2m > [22mcalculations utils[2m > [22mcalculateLaborValue[2m > [22mshould handle different hourly wage[32m 0[2mms[22m[39m
 [32m✓[39m src/utils/calculations.test.ts[2m > [22mcalculations utils[2m > [22mcalculateLaborValue[2m > [22mshould handle zero heads[32m 0[2mms[22m[39m
 [32m✓[39m src/utils/calculations.test.ts[2m > [22mcalculations utils[2m > [22mcalculateTotalHeads[2m > [22mshould calculate total heads across multiple animals[32m 0[2mms[22m[39m
 [32m✓[39m src/utils/calculations.test.ts[2m > [22mcalculations utils[2m > [22mcalculateTotalHeads[2m > [22mshould handle empty array[32m 0[2mms[22m[39m
 [32m✓[39m src/utils/calculations.test.ts[2m > [22mcalculations utils[2m > [22mcalculateTotalHeads[2m > [22mshould handle single animal[32m 0[2mms[22m[39m
 [32m✓[39m src/utils/calculations.test.ts[2m > [22mcalculations utils[2m > [22mcalculateTotalLaborValue[2m > [22mshould calculate total labor value across multiple animals[32m 0[2mms[22m[39m
 [32m✓[39m src/utils/calculations.test.ts[2m > [22mcalculations utils[2m > [22mcalculateTotalLaborValue[2m > [22mshould handle empty array[32m 0[2mms[22m[39m
 [32m✓[39m src/utils/calculations.test.ts[2m > [22mcalculations utils[2m > [22mcalculateTotalLaborValue[2m > [22mshould handle different time and wage parameters[32m 0[2mms[22m[39m
 [32m✓[39m src/utils/calculations.test.ts[2m > [22mcalculations utils[2m > [22mcalculateTotalLaborValue[2m > [22mshould calculate correctly with multiple species[32m 0[2mms[22m[39m
 [32m✓[39m src/App.test.tsx[2m > [22mMeat Processor Value Calculator[2m > [22mrenders the calculator title[32m 181[2mms[22m[39m
 [32m✓[39m src/App.test.tsx[2m > [22mMeat Processor Value Calculator[2m > [22mdisplays the multi-select dropdown and summary[32m 90[2mms[22m[39m
 [32m✓[39m src/App.test.tsx[2m > [22mMeat Processor Value Calculator[2m > [22mshows volume inputs when species are selected[32m 152[2mms[22m[39m
 [32m✓[39m src/App.test.tsx[2m > [22mMeat Processor Value Calculator[2m > [22mcalculates annual savings and cost correctly[32m 133[2mms[22m[39m
 [32m✓[39m src/App.test.tsx[2m > [22mMeat Processor Value Calculator[2m > [22mshows advanced settings when clicked[32m 83[2mms[22m[39m
 [32m✓[39m src/App.test.tsx[2m > [22mMeat Processor Value Calculator[2m > [22mcan select multiple species[32m 156[2mms[22m[39m
 [32m✓[39m src/App.test.tsx[2m > [22mMeat Processor Value Calculator[2m > [22mshould allow removing a selected species[32m 128[2mms[22m[39m

[2m Test Files [22m [1m[32m2 passed[39m[22m[90m (2)[39m
[2m      Tests [22m [1m[32m25 passed[39m[22m[90m (25)[39m
[2m   Start at [22m 13:09:08
[2m   Duration [22m 2.23s[2m (transform 102ms, setup 149ms, import 593ms, tests 928ms, environment 1.13s)[22m

[1m[42m PASS [49m[22m [32mWaiting for file changes...[39m
       [2mpress [22m[1mh[22m[2m to show help[22m[2m, [22m[2mpress [22m[1mq[22m[2m to quit[22m
c[3J[1m[44m RERUN [49m[22m [34m[2msrc/utils/calculations.test.ts [22m[34mx1 [34m[39m

 [32m✓[39m src/utils/calculations.test.ts[2m > [22mcalculations utils[2m > [22mcalculateHeads[2m > [22mshould calculate number of heads from total and average weight[32m 1[2mms[22m[39m
 [32m✓[39m src/utils/calculations.test.ts[2m > [22mcalculations utils[2m > [22mcalculateHeads[2m > [22mshould handle exact divisions[32m 0[2mms[22m[39m
 [32m✓[39m src/utils/calculations.test.ts[2m > [22mcalculations utils[2m > [22mcalculateHeads[2m > [22mshould floor partial animals[32m 0[2mms[22m[39m
 [32m✓[39m src/utils/calculations.test.ts[2m > [22mcalculations utils[2m > [22mcalculateHeads[2m > [22mshould handle single animal[32m 0[2mms[22m[39m
 [32m✓[39m src/utils/calculations.test.ts[2m > [22mcalculations utils[2m > [22mcalculateHeads[2m > [22mshould handle zero total weight[32m 0[2mms[22m[39m
 [32m✓[39m src/utils/calculations.test.ts[2m > [22mcalculations utils[2m > [22mcalculateLaborValue[2m > [22mshould calculate labor value correctly[32m 0[2mms[22m[39m
 [32m✓[39m src/utils/calculations.test.ts[2m > [22mcalculations utils[2m > [22mcalculateLaborValue[2m > [22mshould handle 1 hour worth of work[32m 0[2mms[22m[39m
 [32m✓[39m src/utils/calculations.test.ts[2m > [22mcalculations utils[2m > [22mcalculateLaborValue[2m > [22mshould handle fractional hours[32m 0[2mms[22m[39m
 [32m✓[39m src/utils/calculations.test.ts[2m > [22mcalculations utils[2m > [22mcalculateLaborValue[2m > [22mshould handle different time per animal[32m 0[2mms[22m[39m
 [32m✓[39m src/utils/calculations.test.ts[2m > [22mcalculations utils[2m > [22mcalculateLaborValue[2m > [22mshould handle different hourly wage[32m 0[2mms[22m[39m
 [32m✓[39m src/utils/calculations.test.ts[2m > [22mcalculations utils[2m > [22mcalculateLaborValue[2m > [22mshould handle zero heads[32m 0[2mms[22m[39m
 [32m✓[39m src/utils/calculations.test.ts[2m > [22mcalculations utils[2m > [22mcalculateTotalHeads[2m > [22mshould calculate total heads across multiple animals[32m 0[2mms[22m[39m
 [32m✓[39m src/utils/calculations.test.ts[2m > [22mcalculations utils[2m > [22mcalculateTotalHeads[2m > [22mshould handle empty array[32m 0[2mms[22m[39m
 [32m✓[39m src/utils/calculations.test.ts[2m > [22mcalculations utils[2m > [22mcalculateTotalHeads[2m > [22mshould handle single animal[32m 0[2mms[22m[39m
 [32m✓[39m src/utils/calculations.test.ts[2m > [22mcalculations utils[2m > [22mcalculateTotalLaborValue[2m > [22mshould calculate total labor value across multiple animals[32m 0[2mms[22m[39m
 [32m✓[39m src/utils/calculations.test.ts[2m > [22mcalculations utils[2m > [22mcalculateTotalLaborValue[2m > [22mshould handle empty array[32m 0[2mms[22m[39m
 [32m✓[39m src/utils/calculations.test.ts[2m > [22mcalculations utils[2m > [22mcalculateTotalLaborValue[2m > [22mshould handle different time and wage parameters[32m 0[2mms[22m[39m
 [32m✓[39m src/utils/calculations.test.ts[2m > [22mcalculations utils[2m > [22mcalculateTotalLaborValue[2m > [22mshould calculate correctly with multiple species[32m 0[2mms[22m[39m

[2m Test Files [22m [1m[32m1 passed[39m[22m[90m (1)[39m
[2m      Tests [22m [1m[32m18 passed[39m[22m[90m (18)[39m
[2m   Start at [22m 13:09:20
[2m   Duration [22m 77ms

[1m[42m PASS [49m[22m [32mWaiting for file changes...[39m
       [2mpress [22m[1mh[22m[2m to show help[22m[2m, [22m[2mpress [22m[1mq[22m[2m to quit[22m
